
> guaca@0.1.0 build
> next build

Ôû▓ Next.js 16.1.6 (Turbopack)
- Environments: .env.local

node.exe : ÔÜá The "middleware" file convention is deprecated. Please use 
"proxy" instead. Learn more: 
https://nextjs.org/docs/messages/middleware-to-proxy
En línea: 1 Carácter: 1
+ & "C:\Program Files\nodejs/node.exe" "C:\Program Files\nodejs/node_mo ...
+ ~~~~~~~~~~~~~~~~~~~~~~~~~~~~~~~~~~~~~~~~~~~~~~~~~~~~~~~~~~~~~~~~~~~~~
    + CategoryInfo          : NotSpecified: (ÔÜá The "middle...leware-t    
o-proxy:String) [], RemoteException
    + FullyQualifiedErrorId : NativeCommandError
 
  Creating an optimized production build ...
Ô£ô Compiled successfully in 2.1s
  Running TypeScript ...
Failed to compile.

./src/app/(store)/nosotros/page.tsx:37:30
Type error: Property 'store_description' does not exist on type 'never'.

[0m [90m 35 |[39m                 
[33m<[39m[33m/[39m[33mh2[39m[33m>[39m
 [90m 36 |[39m                 [33m<[39m[33mdiv[39m 
className[33m=[39m[32m"prose prose-invert text-foreground-muted 
leading-relaxed space-y-4"[39m[33m>[39m
[31m[1m>[22m[39m[90m 37 |[39m                     
{config[33m?[39m[33m.[39mstore_description [33m?[39m (
 [90m    |[39m                              [31m[1m^[22m[39m
 [90m 38 |[39m                         config[33m.[39mstore_description
[33m.[39msplit([32m'\n'[39m)[33m.[39mmap((p[33m,[39m i) 
[33m=>[39m (
 [90m 39 |[39m                             [33m<[39m[33mp[39m 
key[33m=[39m{i}[33m>[39m{p}[33m<[39m[33m/[39m[33mp[39m[33m>[39m
 [90m 40 |[39m                         ))[0m
Next.js build worker exited with code: 1 and signal: null
